{
  "version": "1.5.0",
  "plugins_used": [
    {
      "name": "AnthropicKeyDetector",
      "path": "file://ops/secret_scan_plugins.py"
    },
    {
      "name": "ArtifactoryDetector"
    },
    {
      "name": "AuthorizationHeaderDetector",
      "path": "file://ops/secret_scan_plugins.py"
    },
    {
      "name": "AWSKeyDetector"
    },
    {
      "name": "AzureStorageKeyDetector"
    },
    {
      "name": "BasicAuthDetector"
    },
    {
      "name": "CloudantDetector"
    },
    {
      "name": "ConninfoPasswordDetector",
      "path": "file://ops/secret_scan_plugins.py"
    },
    {
      "name": "DiscordBotTokenDetector"
    },
    {
      "name": "GitHubTokenDetector"
    },
    {
      "name": "GitLabTokenDetector"
    },
    {
      "name": "IbmCloudIamDetector"
    },
    {
      "name": "IbmCosHmacDetector"
    },
    {
      "name": "IPPublicDetector"
    },
    {
      "name": "JwtTokenDetector"
    },
    {
      "name": "KeywordDetector",
      "keyword_exclude": ""
    },
    {
      "name": "KiteShapedTokenDetector",
      "path": "file://ops/secret_scan_plugins.py"
    },
    {
      "name": "MailchimpDetector"
    },
    {
      "name": "NpmDetector"
    },
    {
      "name": "OpenAIDetector"
    },
    {
      "name": "PrivateKeyDetector"
    },
    {
      "name": "PypiTokenDetector"
    },
    {
      "name": "SendGridDetector"
    },
    {
      "name": "SlackDetector"
    },
    {
      "name": "SoftlayerDetector"
    },
    {
      "name": "SquareOAuthDetector"
    },
    {
      "name": "StripeDetector"
    },
    {
      "name": "TelegramBotTokenDetector"
    },
    {
      "name": "TokenAssignmentDetector",
      "path": "file://ops/secret_scan_plugins.py"
    },
    {
      "name": "TwilioKeyDetector"
    }
  ],
  "filters_used": [
    {
      "path": "detect_secrets.filters.heuristic.is_not_alphanumeric_string"
    },
    {
      "path": "detect_secrets.filters.heuristic.is_potential_uuid"
    },
    {
      "path": "detect_secrets.filters.heuristic.is_prefixed_with_dollar_sign"
    },
    {
      "path": "detect_secrets.filters.heuristic.is_sequential_string"
    },
    {
      "path": "detect_secrets.filters.heuristic.is_templated_secret"
    }
  ],
  "results": {
    ".env.example": [
      {
        "type": "Basic Auth Credentials",
        "filename": ".env.example",
        "hashed_secret": "a31f0db8caea0a61995e27920e5a1da0c0128998",
        "is_verified": false,
        "line_number": 27
      }
    ],
    "dataplatform/config.py": [
      {
        "type": "Basic Auth Credentials",
        "filename": "dataplatform/config.py",
        "hashed_secret": "a31f0db8caea0a61995e27920e5a1da0c0128998",
        "is_verified": false,
        "line_number": 140
      }
    ],
    "ops/README.md": [
      {
        "type": "Basic Auth Credentials",
        "filename": "ops/README.md",
        "hashed_secret": "a31f0db8caea0a61995e27920e5a1da0c0128998",
        "is_verified": false,
        "line_number": 35
      }
    ],
    "ops/runbooks/backup-restore.md": [
      {
        "type": "Basic Auth Credentials",
        "filename": "ops/runbooks/backup-restore.md",
        "hashed_secret": "a31f0db8caea0a61995e27920e5a1da0c0128998",
        "is_verified": false,
        "line_number": 144
      }
    ],
    "ops/runbooks/secret-leak.md": [
      {
        "type": "Basic Auth Credentials",
        "filename": "ops/runbooks/secret-leak.md",
        "hashed_secret": "a31f0db8caea0a61995e27920e5a1da0c0128998",
        "is_verified": false,
        "line_number": 16
      }
    ],
    "ops/secret_scan_plugins.py": [
      {
        "type": "Secret Keyword",
        "filename": "ops/secret_scan_plugins.py",
        "hashed_secret": "2bf918ed2a7c5d9b590d9aad2eda56fb035c4094",
        "is_verified": false,
        "line_number": 92
      },
      {
        "type": "Secret Keyword",
        "filename": "ops/secret_scan_plugins.py",
        "hashed_secret": "300b3b91f93879b63e090eaa49e110250baf4c0c",
        "is_verified": false,
        "line_number": 39
      },
      {
        "type": "Secret Keyword",
        "filename": "ops/secret_scan_plugins.py",
        "hashed_secret": "7bcf61cfe9c78d9997f06dc29248b2329f6fc571",
        "is_verified": false,
        "line_number": 49
      },
      {
        "type": "Secret Keyword",
        "filename": "ops/secret_scan_plugins.py",
        "hashed_secret": "92d487a852ad13ee012b3c601ee7609b2dd443b5",
        "is_verified": false,
        "line_number": 137
      },
      {
        "type": "Secret Keyword",
        "filename": "ops/secret_scan_plugins.py",
        "hashed_secret": "a91426e441e0b4264877007ef094d799aa8acd78",
        "is_verified": false,
        "line_number": 25
      },
      {
        "type": "Secret Keyword",
        "filename": "ops/secret_scan_plugins.py",
        "hashed_secret": "b5afcd19f5c0ec18bf27fac63f874518f53caaf9",
        "is_verified": false,
        "line_number": 41
      }
    ],
    "tests/integration/test_failure_alerts.py": [
      {
        "type": "Basic Auth Credentials",
        "filename": "tests/integration/test_failure_alerts.py",
        "hashed_secret": "f3bbbd66a63d4bf1747940578ec3d0103530e21d",
        "is_verified": false,
        "line_number": 134
      }
    ],
    "tests/integration/test_status_api.py": [
      {
        "type": "Basic Auth Credentials",
        "filename": "tests/integration/test_status_api.py",
        "hashed_secret": "a31f0db8caea0a61995e27920e5a1da0c0128998",
        "is_verified": false,
        "line_number": 488
      }
    ],
    "tests/unit/test_alert_triggers.py": [
      {
        "type": "Basic Auth Credentials",
        "filename": "tests/unit/test_alert_triggers.py",
        "hashed_secret": "22665f9cd19cc9946cf921623d4dcab834b221e4",
        "is_verified": false,
        "line_number": 370
      },
      {
        "type": "Basic Auth Credentials",
        "filename": "tests/unit/test_alert_triggers.py",
        "hashed_secret": "f3bbbd66a63d4bf1747940578ec3d0103530e21d",
        "is_verified": false,
        "line_number": 357
      },
      {
        "type": "Conninfo Password",
        "filename": "tests/unit/test_alert_triggers.py",
        "hashed_secret": "25ab86bed149ca6ca9c1c0d5db7c9a91388ddeab",
        "is_verified": false,
        "line_number": 360
      }
    ],
    "tests/unit/test_backup.py": [
      {
        "type": "Credential Assignment",
        "filename": "tests/unit/test_backup.py",
        "hashed_secret": "1324d8cdddde7a24c5f8ec836a7c35b5127cb61a",
        "is_verified": false,
        "line_number": 40
      },
      {
        "type": "Secret Keyword",
        "filename": "tests/unit/test_backup.py",
        "hashed_secret": "1324d8cdddde7a24c5f8ec836a7c35b5127cb61a",
        "is_verified": false,
        "line_number": 40
      },
      {
        "type": "Secret Keyword",
        "filename": "tests/unit/test_backup.py",
        "hashed_secret": "334b46b437feb6d84fecc6f55c87439e6ab3a734",
        "is_verified": false,
        "line_number": 640
      }
    ],
    "tests/unit/test_paper_session_job.py": [
      {
        "type": "Basic Auth Credentials",
        "filename": "tests/unit/test_paper_session_job.py",
        "hashed_secret": "f3bbbd66a63d4bf1747940578ec3d0103530e21d",
        "is_verified": false,
        "line_number": 355
      }
    ]
  },
  "generated_at": "2026-10-08T03:13:12Z"
}
