{
  "version": "1.5.0",
  "plugins_used": [
    {
      "name": "ArtifactoryDetector"
    },
    {
      "name": "AWSKeyDetector"
    },
    {
      "name": "AzureStorageKeyDetector"
    },
    {
      "name": "Base64HighEntropyString",
      "limit": 4.5
    },
    {
      "name": "BasicAuthDetector"
    },
    {
      "name": "CloudantDetector"
    },
    {
      "name": "DiscordBotTokenDetector"
    },
    {
      "name": "GitHubTokenDetector"
    },
    {
      "name": "GitLabTokenDetector"
    },
    {
      "name": "HexHighEntropyString",
      "limit": 3.0
    },
    {
      "name": "IbmCloudIamDetector"
    },
    {
      "name": "IbmCosHmacDetector"
    },
    {
      "name": "IPPublicDetector"
    },
    {
      "name": "JwtTokenDetector"
    },
    {
      "name": "KeywordDetector",
      "keyword_exclude": ""
    },
    {
      "name": "MailchimpDetector"
    },
    {
      "name": "NpmDetector"
    },
    {
      "name": "OpenAIDetector"
    },
    {
      "name": "PrivateKeyDetector"
    },
    {
      "name": "PypiTokenDetector"
    },
    {
      "name": "SendGridDetector"
    },
    {
      "name": "SlackDetector"
    },
    {
      "name": "SoftlayerDetector"
    },
    {
      "name": "SquareOAuthDetector"
    },
    {
      "name": "StripeDetector"
    },
    {
      "name": "TelegramBotTokenDetector"
    },
    {
      "name": "TwilioKeyDetector"
    }
  ],
  "filters_used": [
    {
      "path": "detect_secrets.filters.allowlist.is_line_allowlisted"
    },
    {
      "path": "detect_secrets.filters.common.is_baseline_file",
      "filename": ".secrets.baseline"
    },
    {
      "path": "detect_secrets.filters.heuristic.is_indirect_reference"
    },
    {
      "path": "detect_secrets.filters.heuristic.is_likely_id_string"
    },
    {
      "path": "detect_secrets.filters.heuristic.is_lock_file"
    },
    {
      "path": "detect_secrets.filters.heuristic.is_not_alphanumeric_string"
    },
    {
      "path": "detect_secrets.filters.heuristic.is_potential_uuid"
    },
    {
      "path": "detect_secrets.filters.heuristic.is_prefixed_with_dollar_sign"
    },
    {
      "path": "detect_secrets.filters.heuristic.is_sequential_string"
    },
    {
      "path": "detect_secrets.filters.heuristic.is_swagger_file"
    },
    {
      "path": "detect_secrets.filters.heuristic.is_templated_secret"
    }
  ],
  "results": {
    ".env.example": [
      {
        "type": "Basic Auth Credentials",
        "filename": ".env.example",
        "hashed_secret": "a31f0db8caea0a61995e27920e5a1da0c0128998",
        "is_verified": false,
        "line_number": 28,
        "is_secret": false
      }
    ],
    "dataplatform/ingest/source_register.yaml": [
      {
        "type": "Hex High Entropy String",
        "filename": "dataplatform/ingest/source_register.yaml",
        "hashed_secret": "ec92e4a0d605bdfe5a67dc635bbabeddbf63dc58",
        "is_verified": false,
        "line_number": 189,
        "is_secret": false
      },
      {
        "type": "Hex High Entropy String",
        "filename": "dataplatform/ingest/source_register.yaml",
        "hashed_secret": "9b3b4ab442557f368eaff30b38610f4680f6a572",
        "is_verified": false,
        "line_number": 222,
        "is_secret": false
      },
      {
        "type": "Hex High Entropy String",
        "filename": "dataplatform/ingest/source_register.yaml",
        "hashed_secret": "0de2cf79e5f0e75e17c7c52e5f9f22b8dc2ee9fc",
        "is_verified": false,
        "line_number": 255,
        "is_secret": false
      },
      {
        "type": "Hex High Entropy String",
        "filename": "dataplatform/ingest/source_register.yaml",
        "hashed_secret": "42f27e240f4ea636fe6cfb77aa3af385e449cde8",
        "is_verified": false,
        "line_number": 291,
        "is_secret": false
      },
      {
        "type": "Hex High Entropy String",
        "filename": "dataplatform/ingest/source_register.yaml",
        "hashed_secret": "da9c49f5a4164bd9a84007ee61bdea668240f14a",
        "is_verified": false,
        "line_number": 325,
        "is_secret": false
      },
      {
        "type": "Hex High Entropy String",
        "filename": "dataplatform/ingest/source_register.yaml",
        "hashed_secret": "a98ada6581dc66cbf99d2e53cdf642a80e5d7b81",
        "is_verified": false,
        "line_number": 363,
        "is_secret": false
      },
      {
        "type": "Hex High Entropy String",
        "filename": "dataplatform/ingest/source_register.yaml",
        "hashed_secret": "4ca5a0efd5ceeaa58c64d2cd066617c7aa930c6f",
        "is_verified": false,
        "line_number": 399,
        "is_secret": false
      },
      {
        "type": "Hex High Entropy String",
        "filename": "dataplatform/ingest/source_register.yaml",
        "hashed_secret": "a135d40cf2d921459999e307c18493e6039b30c3",
        "is_verified": false,
        "line_number": 435,
        "is_secret": false
      },
      {
        "type": "Hex High Entropy String",
        "filename": "dataplatform/ingest/source_register.yaml",
        "hashed_secret": "715e182cded1d2ec219cd9d9477fd3eeca714a07",
        "is_verified": false,
        "line_number": 470,
        "is_secret": false
      },
      {
        "type": "Hex High Entropy String",
        "filename": "dataplatform/ingest/source_register.yaml",
        "hashed_secret": "563b358bd946ab70e627063e524650acf1f4c8eb",
        "is_verified": false,
        "line_number": 506,
        "is_secret": false
      },
      {
        "type": "Hex High Entropy String",
        "filename": "dataplatform/ingest/source_register.yaml",
        "hashed_secret": "af02bbf1389d8487e2820e8923ed38551e8332e5",
        "is_verified": false,
        "line_number": 541,
        "is_secret": false
      },
      {
        "type": "Hex High Entropy String",
        "filename": "dataplatform/ingest/source_register.yaml",
        "hashed_secret": "e1aa8dc5be15dd201cf95a9b499de484fdf8baaa",
        "is_verified": false,
        "line_number": 588,
        "is_secret": false
      },
      {
        "type": "Hex High Entropy String",
        "filename": "dataplatform/ingest/source_register.yaml",
        "hashed_secret": "852e06b9f655d44ba8808777aae5518958b34cdd",
        "is_verified": false,
        "line_number": 626,
        "is_secret": false
      },
      {
        "type": "Hex High Entropy String",
        "filename": "dataplatform/ingest/source_register.yaml",
        "hashed_secret": "43baf2fed9e8d83df5fc4cb9a8f3271403f23005",
        "is_verified": false,
        "line_number": 694,
        "is_secret": false
      },
      {
        "type": "Hex High Entropy String",
        "filename": "dataplatform/ingest/source_register.yaml",
        "hashed_secret": "9408df5728d8ca93a0ae973567ebc63692b2006e",
        "is_verified": false,
        "line_number": 725,
        "is_secret": false
      },
      {
        "type": "Hex High Entropy String",
        "filename": "dataplatform/ingest/source_register.yaml",
        "hashed_secret": "a790fd4b6e3ac4706d00115152e86a546819d473",
        "is_verified": false,
        "line_number": 764,
        "is_secret": false
      },
      {
        "type": "Hex High Entropy String",
        "filename": "dataplatform/ingest/source_register.yaml",
        "hashed_secret": "ab995c6d32fb6673b748dfbfb21d06dab5827878",
        "is_verified": false,
        "line_number": 796,
        "is_secret": false
      },
      {
        "type": "Hex High Entropy String",
        "filename": "dataplatform/ingest/source_register.yaml",
        "hashed_secret": "cb520ff0ead0fdd565fa7c4e270f90053101582a",
        "is_verified": false,
        "line_number": 833,
        "is_secret": false
      },
      {
        "type": "Hex High Entropy String",
        "filename": "dataplatform/ingest/source_register.yaml",
        "hashed_secret": "b12fae26b7ed543231a3f2e2741ea39106272343",
        "is_verified": false,
        "line_number": 866,
        "is_secret": false
      },
      {
        "type": "Hex High Entropy String",
        "filename": "dataplatform/ingest/source_register.yaml",
        "hashed_secret": "7f279b8a682f01b860b3ad38c211b430364a9616",
        "is_verified": false,
        "line_number": 902,
        "is_secret": false
      },
      {
        "type": "Hex High Entropy String",
        "filename": "dataplatform/ingest/source_register.yaml",
        "hashed_secret": "36a47c7392a92ce55eb0e5a94e78ce765d61a37a",
        "is_verified": false,
        "line_number": 937,
        "is_secret": false
      },
      {
        "type": "Hex High Entropy String",
        "filename": "dataplatform/ingest/source_register.yaml",
        "hashed_secret": "aafb2344ef49f2bf559d2989529f0ee6847f3191",
        "is_verified": false,
        "line_number": 984,
        "is_secret": false
      },
      {
        "type": "Hex High Entropy String",
        "filename": "dataplatform/ingest/source_register.yaml",
        "hashed_secret": "a7e305426c575c5215f9819c097f593f3c5c8a5c",
        "is_verified": false,
        "line_number": 1032,
        "is_secret": false
      },
      {
        "type": "Hex High Entropy String",
        "filename": "dataplatform/ingest/source_register.yaml",
        "hashed_secret": "12c8549acdec8791bad67e2840f6550296572dc1",
        "is_verified": false,
        "line_number": 1068,
        "is_secret": false
      }
    ],
    "dataplatform/logging.py": [
      {
        "type": "Basic Auth Credentials",
        "filename": "dataplatform/logging.py",
        "hashed_secret": "112bb791304791ddcf692e29fd5cf149b35fea37",
        "is_verified": false,
        "line_number": 57,
        "is_secret": false
      }
    ],
    "ops/README.md": [
      {
        "type": "Basic Auth Credentials",
        "filename": "ops/README.md",
        "hashed_secret": "a31f0db8caea0a61995e27920e5a1da0c0128998",
        "is_verified": false,
        "line_number": 35,
        "is_secret": false
      }
    ],
    "ops/runbooks/backup-restore.md": [
      {
        "type": "Basic Auth Credentials",
        "filename": "ops/runbooks/backup-restore.md",
        "hashed_secret": "a31f0db8caea0a61995e27920e5a1da0c0128998",
        "is_verified": false,
        "line_number": 144,
        "is_secret": false
      }
    ],
    "ops/runbooks/secret-leak.md": [
      {
        "type": "Basic Auth Credentials",
        "filename": "ops/runbooks/secret-leak.md",
        "hashed_secret": "a31f0db8caea0a61995e27920e5a1da0c0128998",
        "is_verified": false,
        "line_number": 16,
        "is_secret": false
      }
    ],
    "tests/unit/test_fii_dii.py": [
      {
        "type": "Hex High Entropy String",
        "filename": "tests/unit/test_fii_dii.py",
        "hashed_secret": "852e06b9f655d44ba8808777aae5518958b34cdd",
        "is_verified": false,
        "line_number": 553,
        "is_secret": false
      }
    ],
    "tests/unit/test_logging.py": [
      {
        "type": "Basic Auth Credentials",
        "filename": "tests/unit/test_logging.py",
        "hashed_secret": "e4b7ac7673939ea5214623b13b5528b8ac474b21",
        "is_verified": false,
        "line_number": 210,
        "is_secret": false
      },
      {
        "type": "Base64 High Entropy String",
        "filename": "tests/unit/test_logging.py",
        "hashed_secret": "a6ddccfde127d8f1710c593f7fc77f271e722394",
        "is_verified": false,
        "line_number": 221,
        "is_secret": false
      }
    ]
  },
  "generated_at": "2026-08-10T08:57:07Z"
}
